// Jest Snapshot v1, https://goo.gl/fbAQLP

exports[`Editor window is rendered 1`] = `
<DocumentFragment>
  <div
    class="editor-container"
  >
    <div
      class=" ace_editor ace_hidpi ace-solarized-dark ace_dark ace-editor"
      id="Script Editor"
      style="width: 500px; height: 500px; font-size: 14px;"
    >
      <textarea
        autocapitalize="off"
        autocorrect="off"
        class="ace_text-input"
        spellcheck="false"
        style="opacity: 0; font-size: 1px;"
        wrap="off"
      />
      <div
        aria-hidden="true"
        class="ace_gutter"
      >
        <div
          class="ace_layer ace_gutter-layer ace_folding-enabled"
          style="height: 1000000px;"
        />
      </div>
      <div
        class="ace_scroller"
        style="line-height: 0px;"
      >
        <div
          class="ace_content"
        >
          <div
            class="ace_layer ace_print-margin-layer"
          >
            <div
              class="ace_print-margin"
              style="left: 4px; visibility: visible;"
            />
          </div>
          <div
            class="ace_layer ace_marker-layer"
          />
          <div
            class="ace_layer ace_text-layer"
            style="height: 1000000px; margin: 0px 4px;"
          />
          <div
            class="ace_layer ace_marker-layer"
          />
          <div
            class="ace_layer ace_cursor-layer ace_hidden-cursors"
          >
            <div
              class="ace_cursor"
            />
          </div>
        </div>
      </div>
      <div
        class="ace_scrollbar ace_scrollbar-v"
        style="display: none; width: 20px;"
      >
        <div
          class="ace_scrollbar-inner"
          style="width: 20px;"
        >
           
        </div>
      </div>
      <div
        class="ace_scrollbar ace_scrollbar-h"
        style="display: none; height: 20px;"
      >
        <div
          class="ace_scrollbar-inner"
          style="height: 20px;"
        >
           
        </div>
      </div>
      <div
        style="height: auto; width: auto; top: 0px; left: 0px; visibility: hidden; position: absolute; white-space: pre; overflow: hidden;"
      >
        <div
          style="height: auto; width: auto; top: 0px; left: 0px; visibility: hidden; position: absolute; white-space: pre; overflow: visible;"
        />
        <div
          style="height: auto; width: auto; top: 0px; left: 0px; visibility: hidden; position: absolute; white-space: pre; overflow: visible;"
        >
          XXXXXXXXXXXXXXXXXXXXXXXXXXXXXXXXXXXXXXXXXXXXXXXXXXXXXXXXXXXXXXXXXXXXXXXXXXXXXXXXXXXXXXXXXXXXXXXXXXXXXXXXXXXXXXXXXXXXXXXXXXXXXXXXXXXXXXXXXXXXXXXXXXXXXXXXXXXXXXXXXXXXXXXXXXXXXXXXXXXXXXXXXXXXXXXXXXXXXXXXXXXXXXXXXXXXXXXXXXXXXXXXXXXXXXXXXXXXXXXXXXXXXXXXXXXXXXXX
        </div>
      </div>
    </div>
    <div
      class="options-container"
    >
      <form
        class="theme-form"
      >
        <div
          class="form-group"
        >
          <label
            class="theme-form-title form-label"
            for="selectTheme"
          >
            Select Theme
          </label>
          <select
            class="custom-select"
            data-testid="theme-input"
            id="selectTheme"
          >
            <option
              data-testid="solarized_dark"
              value="solarized_dark"
            >
              Solarized Dark
            </option>
            <option
              value="solarized_light"
            >
              Solarized Light
            </option>
            <option
              value="monokai"
            >
              Monokai
            </option>
            <option
              data-testid="tomorrow"
              value="tomorrow"
            >
              Tomorrow
            </option>
          </select>
        </div>
      </form>
      <button
        class="publish-button btn btn-outline-primary"
        type="button"
      >
        Save Script
      </button>
      <button
        class="schedule-button btn btn-outline-primary"
        type="button"
      >
        Schedule
      </button>
    </div>
  </div>
</DocumentFragment>
`;
